// Jest Snapshot v1, https://goo.gl/fbAQLP

exports[`UserComponent should fetch data and render user component with user details and repository list 1`] = `
Array [
  <section>
    <div
      className="user-page"
    >
      <div
        className="user-info"
      >
        <a
          className="user-info__text"
          href="https://github.com/Chathuranga-Kalana"
        >
          <img
            alt="Chathuranga-Kalana avatar"
            className="user-info__avatar"
            src="https://avatars3.githubusercontent.com/u/25519689?v=4"
          />
          <h2
            className="user-info__title"
          >
            Chathuranga-Kalana
             (
            Chathuranga kalana
            )
          </h2>
          <p
            className="user-info__bio"
          />
        </a>
        <ul
          className="user-info__stats"
        >
          <li
            className="user-info__stat"
          >
            <ForwardRef>
              <p
                className="user-info__stat-value"
              >
                5
              </p>
              <p
                className="user-info__stat-name"
              >
                Public Repos
              </p>
            </ForwardRef>
          </li>
          <li
            className="user-info__stat"
          >
            <ForwardRef>
              <p
                className="user-info__stat-value"
              >
                1
              </p>
              <p
                className="user-info__stat-name"
              >
                Followers
              </p>
            </ForwardRef>
          </li>
          <li
            className="user-info__stat"
          >
            <ForwardRef>
              <p
                className="user-info__stat-value"
              >
                0
              </p>
              <p
                className="user-info__stat-name"
              >
                Following
              </p>
            </ForwardRef>
          </li>
        </ul>
      </div>
      <div>
        <ul
          className="user-rep"
        >
          <ForwardRef
            to="/readme/Chathuranga-Kalana/Nunchi"
          >
            <li>
              Nunchi
            </li>
          </ForwardRef>
          <ForwardRef
            to="/readme/Chathuranga-Kalana/pathFinder"
          >
            <li>
              pathFinder
            </li>
          </ForwardRef>
          <ForwardRef
            to="/readme/Chathuranga-Kalana/Personal-Assistant"
          >
            <li>
              Personal-Assistant
            </li>
          </ForwardRef>
          <ForwardRef
            to="/readme/Chathuranga-Kalana/SDGP"
          >
            <li>
              SDGP
            </li>
          </ForwardRef>
          <ForwardRef
            to="/readme/Chathuranga-Kalana/Slot-Machine"
          >
            <li>
              Slot-Machine
            </li>
          </ForwardRef>
        </ul>
      </div>
    </div>
  </section>,
]
`;
